// Jest Snapshot v1, https://goo.gl/fbAQLP

exports[`Country Component renders correctly 1`] = `
<DocumentFragment>
  <div
    class="countries"
  >
    <a
      class="link"
      href="/details/Test Country"
    >
      <div
        class="flag"
      >
        <img
          alt="flag"
          src="test-flag-url"
        />
      </div>
      <h2
        class="country-name"
      >
        Test Country
      </h2>
    </a>
  </div>
</DocumentFragment>
`;